Flow report for smg_disp
Sun Oct 19 22:53:47 2025
Quartus Prime Version 18.1.0 Build 625 09/12/2018 SJ Standard Edition


---------------------
; Table of Contents ;
---------------------
  1. Legal Notice
  2. Flow Summary
  3. Flow Settings
  4. Flow Non-Default Global Settings
  5. Flow Elapsed Time
  6. Flow OS Summary
  7. Flow Log
  8. Flow Messages
  9. Flow Suppressed Messages



----------------
; Legal Notice ;
----------------
Copyright (C) 2018  Intel Corporation. All rights reserved.
Your use of Intel Corporation's design tools, logic functions 
and other software and tools, and its AMPP partner logic 
functions, and any output files from any of the foregoing 
(including device programming or simulation files), and any 
associated documentation or information are expressly subject 
to the terms and conditions of the Intel Program License 
Subscription Agreement, the Intel Quartus Prime License Agreement,
the Intel FPGA IP License Agreement, or other applicable license
agreement, including, without limitation, that your use is for
the sole purpose of programming logic devices manufactured by
Intel and sold by Intel or its authorized distributors.  Please
refer to the applicable agreement for further details.



+--------------------------------------------------------------------------------------+
; Flow Summary                                                                         ;
+------------------------------------+-------------------------------------------------+
; Flow Status                        ; Successful - Sun Oct 19 22:53:44 2025           ;
; Quartus Prime Version              ; 18.1.0 Build 625 09/12/2018 SJ Standard Edition ;
; Revision Name                      ; smg_disp                                        ;
; Top-level Entity Name              ; smg_disp_de115                                  ;
; Family                             ; Cyclone IV E                                    ;
; Device                             ; EP4CE115F29C7                                   ;
; Timing Models                      ; Final                                           ;
; Total logic elements               ; 604 / 114,480 ( < 1 % )                         ;
;     Total combinational functions  ; 441 / 114,480 ( < 1 % )                         ;
;     Dedicated logic registers      ; 445 / 114,480 ( < 1 % )                         ;
; Total registers                    ; 445                                             ;
; Total pins                         ; 8 / 529 ( 2 % )                                 ;
; Total virtual pins                 ; 0                                               ;
; Total memory bits                  ; 896 / 3,981,312 ( < 1 % )                       ;
; Embedded Multiplier 9-bit elements ; 0 / 532 ( 0 % )                                 ;
; Total PLLs                         ; 0 / 4 ( 0 % )                                   ;
+------------------------------------+-------------------------------------------------+


+-----------------------------------------+
; Flow Settings                           ;
+-------------------+---------------------+
; Option            ; Setting             ;
+-------------------+---------------------+
; Start date & time ; 10/19/2025 22:53:03 ;
; Main task         ; Compilation         ;
; Revision Name     ; smg_disp            ;
+-------------------+---------------------+


+---------------------------------------------------------------------------------------------------------------------------------------------------------+
; Flow Non-Default Global Settings                                                                                                                        ;
+-------------------------------------+---------------------------------------------------------------+---------------+----------------+------------------+
; Assignment Name                     ; Value                                                         ; Default Value ; Entity Name    ; Section Id       ;
+-------------------------------------+---------------------------------------------------------------+---------------+----------------+------------------+
; COMPILER_SIGNATURE_ID               ; 66504336534533.176088558341324                                ; --            ; --             ; --               ;
; ENABLE_SIGNALTAP                    ; On                                                            ; --            ; --             ; --               ;
; MAX_CORE_JUNCTION_TEMP              ; 85                                                            ; --            ; --             ; --               ;
; MIN_CORE_JUNCTION_TEMP              ; 0                                                             ; --            ; --             ; --               ;
; PARTITION_COLOR                     ; -- (Not supported for targeted family)                        ; --            ; smg_disp_de115 ; Top              ;
; PARTITION_FITTER_PRESERVATION_LEVEL ; -- (Not supported for targeted family)                        ; --            ; smg_disp_de115 ; Top              ;
; PARTITION_NETLIST_TYPE              ; -- (Not supported for targeted family)                        ; --            ; smg_disp_de115 ; Top              ;
; POWER_BOARD_THERMAL_MODEL           ; None (CONSERVATIVE)                                           ; --            ; --             ; --               ;
; POWER_PRESET_COOLING_SOLUTION       ; 23 MM HEAT SINK WITH 200 LFPM AIRFLOW                         ; --            ; --             ; --               ;
; PROJECT_OUTPUT_DIRECTORY            ; output_files                                                  ; --            ; --             ; --               ;
; SLD_FILE                            ; db/smg_disp_de115_auto_stripped.stp                           ; --            ; --             ; --               ;
; SLD_NODE_CREATOR_ID                 ; 110                                                           ; --            ; --             ; auto_signaltap_0 ;
; SLD_NODE_ENTITY_NAME                ; sld_signaltap                                                 ; --            ; --             ; auto_signaltap_0 ;
; SLD_NODE_PARAMETER_ASSIGNMENT       ; SLD_RAM_BLOCK_TYPE=AUTO                                       ; --            ; --             ; auto_signaltap_0 ;
; SLD_NODE_PARAMETER_ASSIGNMENT       ; SLD_DATA_BITS=7                                               ; --            ; --             ; auto_signaltap_0 ;
; SLD_NODE_PARAMETER_ASSIGNMENT       ; SLD_TRIGGER_BITS=7                                            ; --            ; --             ; auto_signaltap_0 ;
; SLD_NODE_PARAMETER_ASSIGNMENT       ; SLD_STORAGE_QUALIFIER_BITS=7                                  ; --            ; --             ; auto_signaltap_0 ;
; SLD_NODE_PARAMETER_ASSIGNMENT       ; SLD_NODE_INFO=805334528                                       ; --            ; --             ; auto_signaltap_0 ;
; SLD_NODE_PARAMETER_ASSIGNMENT       ; SLD_POWER_UP_TRIGGER=0                                        ; --            ; --             ; auto_signaltap_0 ;
; SLD_NODE_PARAMETER_ASSIGNMENT       ; SLD_INVERSION_MASK=000000000000000000000000000000000000000000 ; --            ; --             ; auto_signaltap_0 ;
; SLD_NODE_PARAMETER_ASSIGNMENT       ; SLD_INVERSION_MASK_LENGTH=42                                  ; --            ; --             ; auto_signaltap_0 ;
; SLD_NODE_PARAMETER_ASSIGNMENT       ; SLD_STORAGE_QUALIFIER_INVERSION_MASK_LENGTH=0                 ; --            ; --             ; auto_signaltap_0 ;
; SLD_NODE_PARAMETER_ASSIGNMENT       ; SLD_SEGMENT_SIZE=128                                          ; --            ; --             ; auto_signaltap_0 ;
; SLD_NODE_PARAMETER_ASSIGNMENT       ; SLD_ATTRIBUTE_MEM_MODE=OFF                                    ; --            ; --             ; auto_signaltap_0 ;
; SLD_NODE_PARAMETER_ASSIGNMENT       ; SLD_STATE_FLOW_USE_GENERATED=0                                ; --            ; --             ; auto_signaltap_0 ;
; SLD_NODE_PARAMETER_ASSIGNMENT       ; SLD_STATE_BITS=11                                             ; --            ; --             ; auto_signaltap_0 ;
; SLD_NODE_PARAMETER_ASSIGNMENT       ; SLD_BUFFER_FULL_STOP=1                                        ; --            ; --             ; auto_signaltap_0 ;
; SLD_NODE_PARAMETER_ASSIGNMENT       ; SLD_CURRENT_RESOURCE_WIDTH=1                                  ; --            ; --             ; auto_signaltap_0 ;
; SLD_NODE_PARAMETER_ASSIGNMENT       ; SLD_INCREMENTAL_ROUTING=1                                     ; --            ; --             ; auto_signaltap_0 ;
; SLD_NODE_PARAMETER_ASSIGNMENT       ; SLD_TRIGGER_LEVEL=1                                           ; --            ; --             ; auto_signaltap_0 ;
; SLD_NODE_PARAMETER_ASSIGNMENT       ; SLD_SAMPLE_DEPTH=128                                          ; --            ; --             ; auto_signaltap_0 ;
; SLD_NODE_PARAMETER_ASSIGNMENT       ; SLD_TRIGGER_IN_ENABLED=0                                      ; --            ; --             ; auto_signaltap_0 ;
; SLD_NODE_PARAMETER_ASSIGNMENT       ; SLD_TRIGGER_PIPELINE=0                                        ; --            ; --             ; auto_signaltap_0 ;
; SLD_NODE_PARAMETER_ASSIGNMENT       ; SLD_RAM_PIPELINE=0                                            ; --            ; --             ; auto_signaltap_0 ;
; SLD_NODE_PARAMETER_ASSIGNMENT       ; SLD_COUNTER_PIPELINE=0                                        ; --            ; --             ; auto_signaltap_0 ;
; SLD_NODE_PARAMETER_ASSIGNMENT       ; SLD_ADVANCED_TRIGGER_ENTITY=basic,1,                          ; --            ; --             ; auto_signaltap_0 ;
; SLD_NODE_PARAMETER_ASSIGNMENT       ; SLD_TRIGGER_LEVEL_PIPELINE=1                                  ; --            ; --             ; auto_signaltap_0 ;
; SLD_NODE_PARAMETER_ASSIGNMENT       ; SLD_ENABLE_ADVANCED_TRIGGER=0                                 ; --            ; --             ; auto_signaltap_0 ;
; TOP_LEVEL_ENTITY                    ; smg_disp_de115                                                ; smg_disp      ; --             ; --               ;
; USE_SIGNALTAP_FILE                  ; output_files/smg_disp_de115.stp                               ; --            ; --             ; --               ;
+-------------------------------------+---------------------------------------------------------------+---------------+----------------+------------------+


+--------------------------------------------------------------------------------------------------------------------------+
; Flow Elapsed Time                                                                                                        ;
+----------------------+--------------+-------------------------+---------------------+------------------------------------+
; Module Name          ; Elapsed Time ; Average Processors Used ; Peak Virtual Memory ; Total CPU Time (on all processors) ;
+----------------------+--------------+-------------------------+---------------------+------------------------------------+
; Analysis & Synthesis ; 00:00:24     ; 1.0                     ; 4828 MB             ; 00:00:52                           ;
; Fitter               ; 00:00:09     ; 1.1                     ; 6732 MB             ; 00:00:20                           ;
; Assembler            ; 00:00:03     ; 1.0                     ; 4680 MB             ; 00:00:03                           ;
; Timing Analyzer      ; 00:00:02     ; 1.2                     ; 4991 MB             ; 00:00:02                           ;
; Total                ; 00:00:38     ; --                      ; --                  ; 00:01:17                           ;
+----------------------+--------------+-------------------------+---------------------+------------------------------------+


+------------------------------------------------------------------------------------+
; Flow OS Summary                                                                    ;
+----------------------+------------------+------------+------------+----------------+
; Module Name          ; Machine Hostname ; OS Name    ; OS Version ; Processor type ;
+----------------------+------------------+------------+------------+----------------+
; Analysis & Synthesis ; LAPTOP-EGO5M3RU  ; Windows 10 ; 10.0       ; x86_64         ;
; Fitter               ; LAPTOP-EGO5M3RU  ; Windows 10 ; 10.0       ; x86_64         ;
; Assembler            ; LAPTOP-EGO5M3RU  ; Windows 10 ; 10.0       ; x86_64         ;
; Timing Analyzer      ; LAPTOP-EGO5M3RU  ; Windows 10 ; 10.0       ; x86_64         ;
+----------------------+------------------+------------+------------+----------------+


------------
; Flow Log ;
------------
quartus_map --read_settings_files=on --write_settings_files=off smg_disp -c smg_disp
quartus_fit --read_settings_files=off --write_settings_files=off smg_disp -c smg_disp
quartus_asm --read_settings_files=off --write_settings_files=off smg_disp -c smg_disp
quartus_sta smg_disp -c smg_disp



