------------------------------------------------------------
Timing Analyzer Summary
------------------------------------------------------------

Type  : Slow 1200mV 85C Model Setup 'u_pll|altpll_component|auto_generated|pll1|clk[0]'
Slack : 33.750
TNS   : 0.000

Type  : Slow 1200mV 85C Model Hold 'u_pll|altpll_component|auto_generated|pll1|clk[0]'
Slack : 0.617
TNS   : 0.000

Type  : Slow 1200mV 85C Model Minimum Pulse Width 'sys_clk'
Slack : 9.891
TNS   : 0.000

Type  : Slow 1200mV 85C Model Minimum Pulse Width 'u_pll|altpll_component|auto_generated|pll1|clk[0]'
Slack : 19.574
TNS   : 0.000

Type  : Slow 1200mV 0C Model Setup 'u_pll|altpll_component|auto_generated|pll1|clk[0]'
Slack : 34.392
TNS   : 0.000

Type  : Slow 1200mV 0C Model Hold 'u_pll|altpll_component|auto_generated|pll1|clk[0]'
Slack : 0.573
TNS   : 0.000

Type  : Slow 1200mV 0C Model Minimum Pulse Width 'sys_clk'
Slack : 9.887
TNS   : 0.000

Type  : Slow 1200mV 0C Model Minimum Pulse Width 'u_pll|altpll_component|auto_generated|pll1|clk[0]'
Slack : 19.575
TNS   : 0.000

Type  : Fast 1200mV 0C Model Setup 'u_pll|altpll_component|auto_generated|pll1|clk[0]'
Slack : 36.764
TNS   : 0.000

Type  : Fast 1200mV 0C Model Hold 'u_pll|altpll_component|auto_generated|pll1|clk[0]'
Slack : 0.277
TNS   : 0.000

Type  : Fast 1200mV 0C Model Minimum Pulse Width 'sys_clk'
Slack : 9.574
TNS   : 0.000

Type  : Fast 1200mV 0C Model Minimum Pulse Width 'u_pll|altpll_component|auto_generated|pll1|clk[0]'
Slack : 19.646
TNS   : 0.000

------------------------------------------------------------
