Analysis & Synthesis report for IIC
Sun Dec 21 19:09:39 2025
Quartus Prime Version 18.0.0 Build 614 04/24/2018 SJ Standard Edition


---------------------
; Table of Contents ;
---------------------
  1. Legal Notice
  2. Analysis & Synthesis Summary
  3. Analysis & Synthesis Settings
  4. Parallel Compilation
  5. Analysis & Synthesis Source Files Read
  6. Analysis & Synthesis Resource Usage Summary
  7. Analysis & Synthesis Resource Utilization by Entity
  8. State Machine - |oled_top|i2c_control:u_i2c_ctrl|state
  9. State Machine - |oled_top|i2c_control:u_i2c_ctrl|i2c_bit_shift:i2c_bit_shift|state
 10. State Machine - |oled_top|oled_app_ctrl:u_oled_app|state
 11. Registers Removed During Synthesis
 12. General Register Statistics
 13. Inverted Register Statistics
 14. Multiplexer Restructuring Statistics (Restructuring Performed)
 15. Parameter Settings for User Entity Instance: i2c_control:u_i2c_ctrl|i2c_bit_shift:i2c_bit_shift
 16. Port Connectivity Checks: "i2c_control:u_i2c_ctrl"
 17. Post-Synthesis Netlist Statistics for Top Partition
 18. Elapsed Time Per Partition
 19. Analysis & Synthesis Messages
 20. Analysis & Synthesis Suppressed Messages



----------------
; Legal Notice ;
----------------
Copyright (C) 2018  Intel Corporation. All rights reserved.
Your use of Intel Corporation's design tools, logic functions 
and other software and tools, and its AMPP partner logic 
functions, and any output files from any of the foregoing 
(including device programming or simulation files), and any 
associated documentation or information are expressly subject 
to the terms and conditions of the Intel Program License 
Subscription Agreement, the Intel Quartus Prime License Agreement,
the Intel FPGA IP License Agreement, or other applicable license
agreement, including, without limitation, that your use is for
the sole purpose of programming logic devices manufactured by
Intel and sold by Intel or its authorized distributors.  Please
refer to the applicable agreement for further details.



+--------------------------------------------------------------------------------------+
; Analysis & Synthesis Summary                                                         ;
+------------------------------------+-------------------------------------------------+
; Analysis & Synthesis Status        ; Successful - Sun Dec 21 19:09:39 2025           ;
; Quartus Prime Version              ; 18.0.0 Build 614 04/24/2018 SJ Standard Edition ;
; Revision Name                      ; IIC                                             ;
; Top-level Entity Name              ; oled_top                                        ;
; Family                             ; Cyclone IV E                                    ;
; Total logic elements               ; 261                                             ;
;     Total combinational functions  ; 261                                             ;
;     Dedicated logic registers      ; 127                                             ;
; Total registers                    ; 127                                             ;
; Total pins                         ; 4                                               ;
; Total virtual pins                 ; 0                                               ;
; Total memory bits                  ; 0                                               ;
; Embedded Multiplier 9-bit elements ; 0                                               ;
; Total PLLs                         ; 0                                               ;
+------------------------------------+-------------------------------------------------+


+------------------------------------------------------------------------------------------------------------+
; Analysis & Synthesis Settings                                                                              ;
+------------------------------------------------------------------+--------------------+--------------------+
; Option                                                           ; Setting            ; Default Value      ;
+------------------------------------------------------------------+--------------------+--------------------+
; Device                                                           ; EP4CE115F29C7      ;                    ;
; Top-level entity name                                            ; oled_top           ; IIC                ;
; Family name                                                      ; Cyclone IV E       ; Cyclone V          ;
; Use smart compilation                                            ; Off                ; Off                ;
; Enable parallel Assembler and Timing Analyzer during compilation ; On                 ; On                 ;
; Enable compact report table                                      ; Off                ; Off                ;
; Restructure Multiplexers                                         ; Auto               ; Auto               ;
; Create Debugging Nodes for IP Cores                              ; Off                ; Off                ;
; Preserve fewer node names                                        ; On                 ; On                 ;
; Intel FPGA IP Evaluation Mode                                    ; Enable             ; Enable             ;
; Verilog Version                                                  ; Verilog_2001       ; Verilog_2001       ;
; VHDL Version                                                     ; VHDL_1993          ; VHDL_1993          ;
; State Machine Processing                                         ; Auto               ; Auto               ;
; Safe State Machine                                               ; Off                ; Off                ;
; Extract Verilog State Machines                                   ; On                 ; On                 ;
; Extract VHDL State Machines                                      ; On                 ; On                 ;
; Ignore Verilog initial constructs                                ; Off                ; Off                ;
; Iteration limit for constant Verilog loops                       ; 5000               ; 5000               ;
; Iteration limit for non-constant Verilog loops                   ; 250                ; 250                ;
; Add Pass-Through Logic to Inferred RAMs                          ; On                 ; On                 ;
; Infer RAMs from Raw Logic                                        ; On                 ; On                 ;
; Parallel Synthesis                                               ; On                 ; On                 ;
; DSP Block Balancing                                              ; Auto               ; Auto               ;
; NOT Gate Push-Back                                               ; On                 ; On                 ;
; Power-Up Don't Care                                              ; On                 ; On                 ;
; Remove Redundant Logic Cells                                     ; Off                ; Off                ;
; Remove Duplicate Registers                                       ; On                 ; On                 ;
; Ignore CARRY Buffers                                             ; Off                ; Off                ;
; Ignore CASCADE Buffers                                           ; Off                ; Off                ;
; Ignore GLOBAL Buffers                                            ; Off                ; Off                ;
; Ignore ROW GLOBAL Buffers                                        ; Off                ; Off                ;
; Ignore LCELL Buffers                                             ; Off                ; Off                ;
; Ignore SOFT Buffers                                              ; On                 ; On                 ;
; Limit AHDL Integers to 32 Bits                                   ; Off                ; Off                ;
; Optimization Technique                                           ; Balanced           ; Balanced           ;
; Carry Chain Length                                               ; 70                 ; 70                 ;
; Auto Carry Chains                                                ; On                 ; On                 ;
; Auto Open-Drain Pins                                             ; On                 ; On                 ;
; Perform WYSIWYG Primitive Resynthesis                            ; Off                ; Off                ;
; Auto ROM Replacement                                             ; On                 ; On                 ;
; Auto RAM Replacement                                             ; On                 ; On                 ;
; Auto DSP Block Replacement                                       ; On                 ; On                 ;
; Auto Shift Register Replacement                                  ; Auto               ; Auto               ;
; Allow Shift Register Merging across Hierarchies                  ; Auto               ; Auto               ;
; Auto Clock Enable Replacement                                    ; On                 ; On                 ;
; Strict RAM Replacement                                           ; Off                ; Off                ;
; Allow Synchronous Control Signals                                ; On                 ; On                 ;
; Force Use of Synchronous Clear Signals                           ; Off                ; Off                ;
; Auto RAM Block Balancing                                         ; On                 ; On                 ;
; Auto RAM to Logic Cell Conversion                                ; Off                ; Off                ;
; Auto Resource Sharing                                            ; Off                ; Off                ;
; Allow Any RAM Size For Recognition                               ; Off                ; Off                ;
; Allow Any ROM Size For Recognition                               ; Off                ; Off                ;
; Allow Any Shift Register Size For Recognition                    ; Off                ; Off                ;
; Use LogicLock Constraints during Resource Balancing              ; On                 ; On                 ;
; Ignore translate_off and synthesis_off directives                ; Off                ; Off                ;
; Timing-Driven Synthesis                                          ; On                 ; On                 ;
; Report Parameter Settings                                        ; On                 ; On                 ;
; Report Source Assignments                                        ; On                 ; On                 ;
; Report Connectivity Checks                                       ; On                 ; On                 ;
; Ignore Maximum Fan-Out Assignments                               ; Off                ; Off                ;
; Synchronization Register Chain Length                            ; 2                  ; 2                  ;
; Power Optimization During Synthesis                              ; Normal compilation ; Normal compilation ;
; HDL message level                                                ; Level2             ; Level2             ;
; Suppress Register Optimization Related Messages                  ; Off                ; Off                ;
; Number of Removed Registers Reported in Synthesis Report         ; 5000               ; 5000               ;
; Number of Swept Nodes Reported in Synthesis Report               ; 5000               ; 5000               ;
; Number of Inverted Registers Reported in Synthesis Report        ; 100                ; 100                ;
; Clock MUX Protection                                             ; On                 ; On                 ;
; Auto Gated Clock Conversion                                      ; Off                ; Off                ;
; Block Design Naming                                              ; Auto               ; Auto               ;
; SDC constraint protection                                        ; Off                ; Off                ;
; Synthesis Effort                                                 ; Auto               ; Auto               ;
; Shift Register Replacement - Allow Asynchronous Clear Signal     ; On                 ; On                 ;
; Pre-Mapping Resynthesis Optimization                             ; Off                ; Off                ;
; Analysis & Synthesis Message Level                               ; Medium             ; Medium             ;
; Disable Register Merging Across Hierarchies                      ; Auto               ; Auto               ;
; Resource Aware Inference For Block RAM                           ; On                 ; On                 ;
+------------------------------------------------------------------+--------------------+--------------------+


+------------------------------------------+
; Parallel Compilation                     ;
+----------------------------+-------------+
; Processors                 ; Number      ;
+----------------------------+-------------+
; Number detected on machine ; 24          ;
; Maximum allowed            ; 16          ;
;                            ;             ;
; Average used               ; 1.00        ;
; Maximum used               ; 16          ;
;                            ;             ;
; Usage by Processor         ; % Time Used ;
;     Processor 1            ; 100.0%      ;
;     Processors 2-16        ;   0.0%      ;
+----------------------------+-------------+


+---------------------------------------------------------------------------------------------------------------------------------------------------+
; Analysis & Synthesis Source Files Read                                                                                                            ;
+----------------------------------+-----------------+------------------------+-----------------------------------------------------------+---------+
; File Name with User-Entered Path ; Used in Netlist ; File Type              ; File Name with Absolute Path                              ; Library ;
+----------------------------------+-----------------+------------------------+-----------------------------------------------------------+---------+
; oled_top.v                       ; yes             ; User Verilog HDL File  ; F:/FPGA_Restart/FPGA_Projects20250804/IIC/oled_top.v      ;         ;
; oled_app_ctrl.v                  ; yes             ; User Verilog HDL File  ; F:/FPGA_Restart/FPGA_Projects20250804/IIC/oled_app_ctrl.v ;         ;
; i2c_control.v                    ; yes             ; User Verilog HDL File  ; F:/FPGA_Restart/FPGA_Projects20250804/IIC/i2c_control.v   ;         ;
; i2c_bit_shift.v                  ; yes             ; User Verilog HDL File  ; F:/FPGA_Restart/FPGA_Projects20250804/IIC/i2c_bit_shift.v ;         ;
+----------------------------------+-----------------+------------------------+-----------------------------------------------------------+---------+


+---------------------------------------------------------+
; Analysis & Synthesis Resource Usage Summary             ;
+---------------------------------------------+-----------+
; Resource                                    ; Usage     ;
+---------------------------------------------+-----------+
; Estimated Total logic elements              ; 261       ;
;                                             ;           ;
; Total combinational functions               ; 261       ;
; Logic element usage by number of LUT inputs ;           ;
;     -- 4 input functions                    ; 128       ;
;     -- 3 input functions                    ; 36        ;
;     -- <=2 input functions                  ; 97        ;
;                                             ;           ;
; Logic elements by mode                      ;           ;
;     -- normal mode                          ; 191       ;
;     -- arithmetic mode                      ; 70        ;
;                                             ;           ;
; Total registers                             ; 127       ;
;     -- Dedicated logic registers            ; 127       ;
;     -- I/O registers                        ; 0         ;
;                                             ;           ;
; I/O pins                                    ; 4         ;
;                                             ;           ;
; Embedded Multiplier 9-bit elements          ; 0         ;
;                                             ;           ;
; Maximum fan-out node                        ; clk~input ;
; Maximum fan-out                             ; 127       ;
; Total fan-out                               ; 1326      ;
; Average fan-out                             ; 3.34      ;
+---------------------------------------------+-----------+


+--------------------------------------------------------------------------------------------------------------------------------------------------------------------------------------------------------------------------------------------------------------+
; Analysis & Synthesis Resource Utilization by Entity                                                                                                                                                                                                          ;
+-------------------------------------+---------------------+---------------------------+-------------+--------------+---------+-----------+------+--------------+--------------------------------------------------------------+---------------+--------------+
; Compilation Hierarchy Node          ; Combinational ALUTs ; Dedicated Logic Registers ; Memory Bits ; DSP Elements ; DSP 9x9 ; DSP 18x18 ; Pins ; Virtual Pins ; Full Hierarchy Name                                          ; Entity Name   ; Library Name ;
+-------------------------------------+---------------------+---------------------------+-------------+--------------+---------+-----------+------+--------------+--------------------------------------------------------------+---------------+--------------+
; |oled_top                           ; 261 (0)             ; 127 (0)                   ; 0           ; 0            ; 0       ; 0         ; 4    ; 0            ; |oled_top                                                    ; oled_top      ; work         ;
;    |i2c_control:u_i2c_ctrl|         ; 147 (46)            ; 61 (24)                   ; 0           ; 0            ; 0       ; 0         ; 0    ; 0            ; |oled_top|i2c_control:u_i2c_ctrl                             ; i2c_control   ; work         ;
;       |i2c_bit_shift:i2c_bit_shift| ; 101 (101)           ; 37 (37)                   ; 0           ; 0            ; 0       ; 0         ; 0    ; 0            ; |oled_top|i2c_control:u_i2c_ctrl|i2c_bit_shift:i2c_bit_shift ; i2c_bit_shift ; work         ;
;    |oled_app_ctrl:u_oled_app|       ; 114 (114)           ; 66 (66)                   ; 0           ; 0            ; 0       ; 0         ; 0    ; 0            ; |oled_top|oled_app_ctrl:u_oled_app                           ; oled_app_ctrl ; work         ;
+-------------------------------------+---------------------+---------------------------+-------------+--------------+---------+-----------+------+--------------+--------------------------------------------------------------+---------------+--------------+
Note: For table entries with two numbers listed, the numbers in parentheses indicate the number of resources of the given type used by the specific entity alone. The numbers listed outside of parentheses indicate the total resources of the given type used by the specific entity and all of its sub-entities in the hierarchy.


Encoding Type:  One-Hot
+-------------------------------------------------------------------------------------------------------------------------------------------------+
; State Machine - |oled_top|i2c_control:u_i2c_ctrl|state                                                                                          ;
+--------------------+-------------------+--------------------+--------------+-------------------+--------------------+--------------+------------+
; Name               ; state.RD_REG_DONE ; state.WAIT_RD_DONE ; state.RD_REG ; state.WR_REG_DONE ; state.WAIT_WR_DONE ; state.WR_REG ; state.IDLE ;
+--------------------+-------------------+--------------------+--------------+-------------------+--------------------+--------------+------------+
; state.IDLE         ; 0                 ; 0                  ; 0            ; 0                 ; 0                  ; 0            ; 0          ;
; state.WR_REG       ; 0                 ; 0                  ; 0            ; 0                 ; 0                  ; 1            ; 1          ;
; state.WAIT_WR_DONE ; 0                 ; 0                  ; 0            ; 0                 ; 1                  ; 0            ; 1          ;
; state.WR_REG_DONE  ; 0                 ; 0                  ; 0            ; 1                 ; 0                  ; 0            ; 1          ;
; state.RD_REG       ; 0                 ; 0                  ; 1            ; 0                 ; 0                  ; 0            ; 1          ;
; state.WAIT_RD_DONE ; 0                 ; 1                  ; 0            ; 0                 ; 0                  ; 0            ; 1          ;
; state.RD_REG_DONE  ; 1                 ; 0                  ; 0            ; 0                 ; 0                  ; 0            ; 1          ;
+--------------------+-------------------+--------------------+--------------+-------------------+--------------------+--------------+------------+


Encoding Type:  One-Hot
+--------------------------------------------------------------------------------------------------------------------------------+
; State Machine - |oled_top|i2c_control:u_i2c_ctrl|i2c_bit_shift:i2c_bit_shift|state                                             ;
+-----------------+---------------+---------------+-----------------+---------------+---------------+---------------+------------+
; Name            ; state.GEN_STO ; state.GEN_ACK ; state.CHECK_ACK ; state.RD_DATA ; state.WR_DATA ; state.GEN_STA ; state.IDLE ;
+-----------------+---------------+---------------+-----------------+---------------+---------------+---------------+------------+
; state.IDLE      ; 0             ; 0             ; 0               ; 0             ; 0             ; 0             ; 0          ;
; state.GEN_STA   ; 0             ; 0             ; 0               ; 0             ; 0             ; 1             ; 1          ;
; state.WR_DATA   ; 0             ; 0             ; 0               ; 0             ; 1             ; 0             ; 1          ;
; state.RD_DATA   ; 0             ; 0             ; 0               ; 1             ; 0             ; 0             ; 1          ;
; state.CHECK_ACK ; 0             ; 0             ; 1               ; 0             ; 0             ; 0             ; 1          ;
; state.GEN_ACK   ; 0             ; 1             ; 0               ; 0             ; 0             ; 0             ; 1          ;
; state.GEN_STO   ; 1             ; 0             ; 0               ; 0             ; 0             ; 0             ; 1          ;
+-----------------+---------------+---------------+-----------------+---------------+---------------+---------------+------------+


Encoding Type:  One-Hot
+----------------------------------------------------------------------------------------+
; State Machine - |oled_top|oled_app_ctrl:u_oled_app|state                               ;
+-----------------+-----------------+-------------+------------+------------+------------+
; Name            ; state.TEST_DATA ; state.CLEAR ; state.INIT ; state.IDLE ; state.DONE ;
+-----------------+-----------------+-------------+------------+------------+------------+
; state.IDLE      ; 0               ; 0           ; 0          ; 0          ; 0          ;
; state.INIT      ; 0               ; 0           ; 1          ; 1          ; 0          ;
; state.CLEAR     ; 0               ; 1           ; 0          ; 1          ; 0          ;
; state.TEST_DATA ; 1               ; 0           ; 0          ; 1          ; 0          ;
; state.DONE      ; 0               ; 0           ; 0          ; 1          ; 1          ;
+-----------------+-----------------+-------------+------------+------------+------------+


+------------------------------------------------------------------------------------------------------------+
; Registers Removed During Synthesis                                                                         ;
+-------------------------------------------------------------+----------------------------------------------+
; Register name                                               ; Reason for Removal                           ;
+-------------------------------------------------------------+----------------------------------------------+
; i2c_control:u_i2c_ctrl|cnt[4..7]                            ; Merged with i2c_control:u_i2c_ctrl|cnt[3]    ;
; i2c_control:u_i2c_ctrl|Cmd[5]                               ; Merged with i2c_control:u_i2c_ctrl|Cmd[2]    ;
; oled_app_ctrl:u_oled_app|addr[1..13,15]                     ; Merged with oled_app_ctrl:u_oled_app|addr[0] ;
; oled_app_ctrl:u_oled_app|addr[0]                            ; Stuck at GND due to stuck port data_in       ;
; i2c_control:u_i2c_ctrl|Cmd[4]                               ; Stuck at GND due to stuck port data_in       ;
; i2c_control:u_i2c_ctrl|i2c_bit_shift:i2c_bit_shift|state~18 ; Lost fanout                                  ;
; oled_app_ctrl:u_oled_app|state~9                            ; Lost fanout                                  ;
; oled_app_ctrl:u_oled_app|state~10                           ; Lost fanout                                  ;
; i2c_control:u_i2c_ctrl|cnt[3]                               ; Stuck at GND due to stuck port data_in       ;
; Total Number of Removed Registers = 25                      ;                                              ;
+-------------------------------------------------------------+----------------------------------------------+


+------------------------------------------------------+
; General Register Statistics                          ;
+----------------------------------------------+-------+
; Statistic                                    ; Value ;
+----------------------------------------------+-------+
; Total registers                              ; 127   ;
; Number of registers using Synchronous Clear  ; 63    ;
; Number of registers using Synchronous Load   ; 1     ;
; Number of registers using Asynchronous Clear ; 113   ;
; Number of registers using Asynchronous Load  ; 0     ;
; Number of registers using Clock Enable       ; 79    ;
; Number of registers using Preset             ; 0     ;
+----------------------------------------------+-------+


+-------------------------------------------------------------------------+
; Inverted Register Statistics                                            ;
+---------------------------------------------------------------+---------+
; Inverted Register                                             ; Fan out ;
+---------------------------------------------------------------+---------+
; i2c_control:u_i2c_ctrl|i2c_bit_shift:i2c_bit_shift|i2c_sdat_o ; 3       ;
; Total number of inverted registers = 1                        ;         ;
+---------------------------------------------------------------+---------+


+---------------------------------------------------------------------------------------------------------------------------------------------------------------------------------------+
; Multiplexer Restructuring Statistics (Restructuring Performed)                                                                                                                        ;
+--------------------+-----------+---------------+----------------------+------------------------+------------+-------------------------------------------------------------------------+
; Multiplexer Inputs ; Bus Width ; Baseline Area ; Area if Restructured ; Saving if Restructured ; Registered ; Example Multiplexer Output                                              ;
+--------------------+-----------+---------------+----------------------+------------------------+------------+-------------------------------------------------------------------------+
; 3:1                ; 20 bits   ; 40 LEs        ; 20 LEs               ; 20 LEs                 ; Yes        ; |oled_top|i2c_control:u_i2c_ctrl|i2c_bit_shift:i2c_bit_shift|div_cnt[6] ;
; 6:1                ; 2 bits    ; 8 LEs         ; 4 LEs                ; 4 LEs                  ; Yes        ; |oled_top|oled_app_ctrl:u_oled_app|addr[0]                              ;
; 6:1                ; 8 bits    ; 32 LEs        ; 16 LEs               ; 16 LEs                 ; Yes        ; |oled_top|oled_app_ctrl:u_oled_app|wrdata[3]                            ;
; 19:1               ; 2 bits    ; 24 LEs        ; 4 LEs                ; 20 LEs                 ; Yes        ; |oled_top|i2c_control:u_i2c_ctrl|Cmd[2]                                 ;
; 9:1                ; 6 bits    ; 36 LEs        ; 12 LEs               ; 24 LEs                 ; Yes        ; |oled_top|i2c_control:u_i2c_ctrl|Tx_DATA[7]                             ;
; 7:1                ; 5 bits    ; 20 LEs        ; 5 LEs                ; 15 LEs                 ; Yes        ; |oled_top|i2c_control:u_i2c_ctrl|i2c_bit_shift:i2c_bit_shift|cnt[3]     ;
; 9:1                ; 5 bits    ; 30 LEs        ; 20 LEs               ; 10 LEs                 ; No         ; |oled_top|oled_app_ctrl:u_oled_app|Selector2                            ;
; 11:1               ; 2 bits    ; 14 LEs        ; 4 LEs                ; 10 LEs                 ; No         ; |oled_top|i2c_control:u_i2c_ctrl|i2c_bit_shift:i2c_bit_shift|Selector12 ;
+--------------------+-----------+---------------+----------------------+------------------------+------------+-------------------------------------------------------------------------+


+-------------------------------------------------------------------------------------------------+
; Parameter Settings for User Entity Instance: i2c_control:u_i2c_ctrl|i2c_bit_shift:i2c_bit_shift ;
+----------------+----------+---------------------------------------------------------------------+
; Parameter Name ; Value    ; Type                                                                ;
+----------------+----------+---------------------------------------------------------------------+
; SYS_CLOCK      ; 50000000 ; Signed Integer                                                      ;
; SCL_CLOCK      ; 400000   ; Signed Integer                                                      ;
+----------------+----------+---------------------------------------------------------------------+
Note: In order to hide this table in the UI and the text report file, please set the "Show Parameter Settings in Synthesis Report" option in "Analysis and Synthesis Settings -> More Settings" to "Off".


+------------------------------------------------------------------------------------------------------------------------------------------------+
; Port Connectivity Checks: "i2c_control:u_i2c_ctrl"                                                                                             ;
+-----------------+--------+----------+----------------------------------------------------------------------------------------------------------+
; Port            ; Type   ; Severity ; Details                                                                                                  ;
+-----------------+--------+----------+----------------------------------------------------------------------------------------------------------+
; rdreg_req       ; Input  ; Info     ; Stuck at GND                                                                                             ;
; addr_mode       ; Input  ; Info     ; Stuck at GND                                                                                             ;
; device_id[6..3] ; Input  ; Info     ; Stuck at VCC                                                                                             ;
; device_id[2..0] ; Input  ; Info     ; Stuck at GND                                                                                             ;
; device_id[7]    ; Input  ; Info     ; Stuck at GND                                                                                             ;
; ack             ; Output ; Info     ; Connected to dangling logic. Logic that only feeds a dangling port will be removed.                      ;
; rddata          ; Output ; Warning  ; Declared by entity but not connected by instance. Logic that only feeds a dangling port will be removed. ;
+-----------------+--------+----------+----------------------------------------------------------------------------------------------------------+


+-----------------------------------------------------+
; Post-Synthesis Netlist Statistics for Top Partition ;
+-----------------------+-----------------------------+
; Type                  ; Count                       ;
+-----------------------+-----------------------------+
; boundary_port         ; 4                           ;
; cycloneiii_ff         ; 127                         ;
;     CLR               ; 27                          ;
;     CLR SCLR          ; 20                          ;
;     CLR SLD           ; 1                           ;
;     ENA               ; 14                          ;
;     ENA CLR           ; 22                          ;
;     ENA CLR SCLR      ; 43                          ;
; cycloneiii_io_obuf    ; 1                           ;
; cycloneiii_lcell_comb ; 261                         ;
;     arith             ; 70                          ;
;         2 data inputs ; 68                          ;
;         3 data inputs ; 2                           ;
;     normal            ; 191                         ;
;         1 data inputs ; 6                           ;
;         2 data inputs ; 23                          ;
;         3 data inputs ; 34                          ;
;         4 data inputs ; 128                         ;
;                       ;                             ;
; Max LUT depth         ; 7.00                        ;
; Average LUT depth     ; 3.41                        ;
+-----------------------+-----------------------------+


+-------------------------------+
; Elapsed Time Per Partition    ;
+----------------+--------------+
; Partition Name ; Elapsed Time ;
+----------------+--------------+
; Top            ; 00:00:00     ;
+----------------+--------------+


+-------------------------------+
; Analysis & Synthesis Messages ;
+-------------------------------+
Info: *******************************************************************
Info: Running Quartus Prime Analysis & Synthesis
    Info: Version 18.0.0 Build 614 04/24/2018 SJ Standard Edition
    Info: Processing started: Sun Dec 21 19:09:33 2025
Info: Command: quartus_map --read_settings_files=on --write_settings_files=off IIC -c IIC
Warning (18236): Number of processors has not been specified which may cause overloading on shared machines.  Set the global assignment NUM_PARALLEL_PROCESSORS in your QSF to an appropriate value for best performance.
Info (20030): Parallel compilation is enabled and will use 16 of the 16 processors detected
Info (12021): Found 1 design units, including 1 entities, in source file oled_top.v
    Info (12023): Found entity 1: oled_top File: F:/FPGA_Restart/FPGA_Projects20250804/IIC/oled_top.v Line: 1
Info (12021): Found 1 design units, including 1 entities, in source file oled_app_ctrl.v
    Info (12023): Found entity 1: oled_app_ctrl File: F:/FPGA_Restart/FPGA_Projects20250804/IIC/oled_app_ctrl.v Line: 1
Info (12021): Found 1 design units, including 1 entities, in source file m24lc04b.v
    Info (12023): Found entity 1: M24LC04B File: F:/FPGA_Restart/FPGA_Projects20250804/IIC/M24LC04B.v Line: 85
Info (12021): Found 1 design units, including 1 entities, in source file i2c_bit_shift_tb.v
    Info (12023): Found entity 1: i2c_bit_shift_tb File: F:/FPGA_Restart/FPGA_Projects20250804/IIC/i2c_bit_shift_tb.v Line: 2
Info (12021): Found 1 design units, including 1 entities, in source file 24lc64.v
    Info (12023): Found entity 1: M24LC64 File: F:/FPGA_Restart/FPGA_Projects20250804/IIC/24LC64.v Line: 87
Info (12021): Found 1 design units, including 1 entities, in source file tb_i2c_bit_shift.v
    Info (12023): Found entity 1: tb_i2c_bit_shift File: F:/FPGA_Restart/FPGA_Projects20250804/IIC/tb_i2c_bit_shift.v Line: 3
Info (12021): Found 1 design units, including 1 entities, in source file i2c_control_tb.v
    Info (12023): Found entity 1: i2c_control_tb File: F:/FPGA_Restart/FPGA_Projects20250804/IIC/i2c_control_tb.v Line: 23
Info (12021): Found 1 design units, including 1 entities, in source file i2c_control.v
    Info (12023): Found entity 1: i2c_control File: F:/FPGA_Restart/FPGA_Projects20250804/IIC/i2c_control.v Line: 1
Info (12021): Found 1 design units, including 1 entities, in source file i2c_bit_shift.v
    Info (12023): Found entity 1: i2c_bit_shift File: F:/FPGA_Restart/FPGA_Projects20250804/IIC/i2c_bit_shift.v Line: 1
Info (12021): Found 1 design units, including 1 entities, in source file oled_ctrl.v
    Info (12023): Found entity 1: oled_ctrl File: F:/FPGA_Restart/FPGA_Projects20250804/IIC/oled_ctrl.v Line: 1
Info (12021): Found 1 design units, including 1 entities, in source file iic_top.v
    Info (12023): Found entity 1: iic_top File: F:/FPGA_Restart/FPGA_Projects20250804/IIC/iic_top.v Line: 1
Info (12021): Found 1 design units, including 1 entities, in source file iic_driver.v
    Info (12023): Found entity 1: iic_driver File: F:/FPGA_Restart/FPGA_Projects20250804/IIC/iic_driver.v Line: 1
Info (12021): Found 1 design units, including 1 entities, in source file tb_iic_driver.v
    Info (12023): Found entity 1: tb_iic_driver File: F:/FPGA_Restart/FPGA_Projects20250804/IIC/tb_iic_driver.v Line: 3
Info (12127): Elaborating entity "oled_top" for the top level hierarchy
Info (12128): Elaborating entity "oled_app_ctrl" for hierarchy "oled_app_ctrl:u_oled_app" File: F:/FPGA_Restart/FPGA_Projects20250804/IIC/oled_top.v Line: 24
Warning (10230): Verilog HDL assignment warning at oled_app_ctrl.v(72): truncated value with size 32 to match size of target (6) File: F:/FPGA_Restart/FPGA_Projects20250804/IIC/oled_app_ctrl.v Line: 72
Warning (10230): Verilog HDL assignment warning at oled_app_ctrl.v(89): truncated value with size 32 to match size of target (13) File: F:/FPGA_Restart/FPGA_Projects20250804/IIC/oled_app_ctrl.v Line: 89
Warning (10030): Net "init_seq.data_a" at oled_app_ctrl.v(23) has no driver or initial value, using a default initial value '0' File: F:/FPGA_Restart/FPGA_Projects20250804/IIC/oled_app_ctrl.v Line: 23
Warning (10030): Net "init_seq.waddr_a" at oled_app_ctrl.v(23) has no driver or initial value, using a default initial value '0' File: F:/FPGA_Restart/FPGA_Projects20250804/IIC/oled_app_ctrl.v Line: 23
Warning (10030): Net "init_seq.we_a" at oled_app_ctrl.v(23) has no driver or initial value, using a default initial value '0' File: F:/FPGA_Restart/FPGA_Projects20250804/IIC/oled_app_ctrl.v Line: 23
Info (12128): Elaborating entity "i2c_control" for hierarchy "i2c_control:u_i2c_ctrl" File: F:/FPGA_Restart/FPGA_Projects20250804/IIC/oled_top.v Line: 40
Info (12128): Elaborating entity "i2c_bit_shift" for hierarchy "i2c_control:u_i2c_ctrl|i2c_bit_shift:i2c_bit_shift" File: F:/FPGA_Restart/FPGA_Projects20250804/IIC/i2c_control.v Line: 67
Info (276014): Found 1 instances of uninferred RAM logic
    Info (276004): RAM logic "oled_app_ctrl:u_oled_app|init_seq" is uninferred due to inappropriate RAM size File: F:/FPGA_Restart/FPGA_Projects20250804/IIC/oled_app_ctrl.v Line: 23
Critical Warning (127005): Memory depth (32) in the design file differs from memory depth (28) in the Memory Initialization File "F:/FPGA_Restart/FPGA_Projects20250804/IIC/db/IIC.ram0_oled_app_ctrl_d313938a.hdl.mif" -- setting initial value for remaining addresses to 0
Warning (12241): 1 hierarchies have connectivity warnings - see the Connectivity Checks report folder
Info (13000): Registers with preset signals will power-up high File: F:/FPGA_Restart/FPGA_Projects20250804/IIC/i2c_bit_shift.v Line: 26
Info (13003): DEV_CLRn pin will set, and not reset, register with preset signal due to NOT Gate Push-Back
Info (286030): Timing-Driven Synthesis is running
Info (17049): 3 registers lost all their fanouts during netlist optimizations.
Info (144001): Generated suppressed messages file F:/FPGA_Restart/FPGA_Projects20250804/IIC/output_files/IIC.map.smsg
Info (16010): Generating hard_block partition "hard_block:auto_generated_inst"
    Info (16011): Adding 0 node(s), including 0 DDIO, 0 PLL, 0 transceiver and 0 LCELL
Info (21057): Implemented 267 device resources after synthesis - the final resource count might be different
    Info (21058): Implemented 2 input pins
    Info (21059): Implemented 1 output pins
    Info (21060): Implemented 1 bidirectional pins
    Info (21061): Implemented 263 logic cells
Info: Quartus Prime Analysis & Synthesis was successful. 0 errors, 8 warnings
    Info: Peak virtual memory: 4852 megabytes
    Info: Processing ended: Sun Dec 21 19:09:39 2025
    Info: Elapsed time: 00:00:06
    Info: Total CPU time (on all processors): 00:00:13


+------------------------------------------+
; Analysis & Synthesis Suppressed Messages ;
+------------------------------------------+
The suppressed messages can be found in F:/FPGA_Restart/FPGA_Projects20250804/IIC/output_files/IIC.map.smsg.


