------------------------------------------------------------
Timing Analyzer Summary
------------------------------------------------------------

Type  : Slow 1200mV 100C Model Setup 'sys_clk'
Slack : 1.888
TNS   : 0.000

Type  : Slow 1200mV 100C Model Setup 'mii_rx_clk'
Slack : 19.361
TNS   : 0.000

Type  : Slow 1200mV 100C Model Setup 'altera_reserved_tck'
Slack : 44.651
TNS   : 0.000

Type  : Slow 1200mV 100C Model Hold 'sys_clk'
Slack : -2.827
TNS   : -5.653

Type  : Slow 1200mV 100C Model Hold 'mii_rx_clk'
Slack : 0.347
TNS   : 0.000

Type  : Slow 1200mV 100C Model Hold 'altera_reserved_tck'
Slack : 0.417
TNS   : 0.000

Type  : Slow 1200mV 100C Model Recovery 'sys_clk'
Slack : 16.048
TNS   : 0.000

Type  : Slow 1200mV 100C Model Recovery 'mii_rx_clk'
Slack : 36.169
TNS   : 0.000

Type  : Slow 1200mV 100C Model Recovery 'altera_reserved_tck'
Slack : 95.016
TNS   : 0.000

Type  : Slow 1200mV 100C Model Removal 'altera_reserved_tck'
Slack : 1.241
TNS   : 0.000

Type  : Slow 1200mV 100C Model Removal 'sys_clk'
Slack : 2.071
TNS   : 0.000

Type  : Slow 1200mV 100C Model Removal 'mii_rx_clk'
Slack : 2.325
TNS   : 0.000

Type  : Slow 1200mV 100C Model Minimum Pulse Width 'sys_clk'
Slack : 6.555
TNS   : 0.000

Type  : Slow 1200mV 100C Model Minimum Pulse Width 'mii_rx_clk'
Slack : 19.591
TNS   : 0.000

Type  : Slow 1200mV 100C Model Minimum Pulse Width 'mii_tx_clk'
Slack : 26.555
TNS   : 0.000

Type  : Slow 1200mV 100C Model Minimum Pulse Width 'altera_reserved_tck'
Slack : 49.576
TNS   : 0.000

Type  : Slow 1200mV -40C Model Setup 'sys_clk'
Slack : 2.519
TNS   : 0.000

Type  : Slow 1200mV -40C Model Setup 'mii_rx_clk'
Slack : 19.539
TNS   : 0.000

Type  : Slow 1200mV -40C Model Setup 'altera_reserved_tck'
Slack : 45.335
TNS   : 0.000

Type  : Slow 1200mV -40C Model Hold 'sys_clk'
Slack : -2.269
TNS   : -4.537

Type  : Slow 1200mV -40C Model Hold 'mii_rx_clk'
Slack : 0.297
TNS   : 0.000

Type  : Slow 1200mV -40C Model Hold 'altera_reserved_tck'
Slack : 0.344
TNS   : 0.000

Type  : Slow 1200mV -40C Model Recovery 'sys_clk'
Slack : 16.538
TNS   : 0.000

Type  : Slow 1200mV -40C Model Recovery 'mii_rx_clk'
Slack : 36.675
TNS   : 0.000

Type  : Slow 1200mV -40C Model Recovery 'altera_reserved_tck'
Slack : 95.682
TNS   : 0.000

Type  : Slow 1200mV -40C Model Removal 'altera_reserved_tck'
Slack : 1.091
TNS   : 0.000

Type  : Slow 1200mV -40C Model Removal 'sys_clk'
Slack : 1.754
TNS   : 0.000

Type  : Slow 1200mV -40C Model Removal 'mii_rx_clk'
Slack : 1.946
TNS   : 0.000

Type  : Slow 1200mV -40C Model Minimum Pulse Width 'sys_clk'
Slack : 6.555
TNS   : 0.000

Type  : Slow 1200mV -40C Model Minimum Pulse Width 'mii_rx_clk'
Slack : 19.652
TNS   : 0.000

Type  : Slow 1200mV -40C Model Minimum Pulse Width 'mii_tx_clk'
Slack : 26.555
TNS   : 0.000

Type  : Slow 1200mV -40C Model Minimum Pulse Width 'altera_reserved_tck'
Slack : 49.444
TNS   : 0.000

Type  : Fast 1200mV -40C Model Setup 'sys_clk'
Slack : 5.077
TNS   : 0.000

Type  : Fast 1200mV -40C Model Setup 'mii_rx_clk'
Slack : 19.201
TNS   : 0.000

Type  : Fast 1200mV -40C Model Setup 'altera_reserved_tck'
Slack : 47.637
TNS   : 0.000

Type  : Fast 1200mV -40C Model Hold 'sys_clk'
Slack : -1.396
TNS   : -2.791

Type  : Fast 1200mV -40C Model Hold 'mii_rx_clk'
Slack : 0.143
TNS   : 0.000

Type  : Fast 1200mV -40C Model Hold 'altera_reserved_tck'
Slack : 0.178
TNS   : 0.000

Type  : Fast 1200mV -40C Model Recovery 'sys_clk'
Slack : 18.090
TNS   : 0.000

Type  : Fast 1200mV -40C Model Recovery 'mii_rx_clk'
Slack : 38.118
TNS   : 0.000

Type  : Fast 1200mV -40C Model Recovery 'altera_reserved_tck'
Slack : 97.447
TNS   : 0.000

Type  : Fast 1200mV -40C Model Removal 'altera_reserved_tck'
Slack : 0.555
TNS   : 0.000

Type  : Fast 1200mV -40C Model Removal 'sys_clk'
Slack : 1.010
TNS   : 0.000

Type  : Fast 1200mV -40C Model Removal 'mii_rx_clk'
Slack : 1.135
TNS   : 0.000

Type  : Fast 1200mV -40C Model Minimum Pulse Width 'sys_clk'
Slack : 9.368
TNS   : 0.000

Type  : Fast 1200mV -40C Model Minimum Pulse Width 'mii_rx_clk'
Slack : 19.155
TNS   : 0.000

Type  : Fast 1200mV -40C Model Minimum Pulse Width 'mii_tx_clk'
Slack : 29.543
TNS   : 0.000

Type  : Fast 1200mV -40C Model Minimum Pulse Width 'altera_reserved_tck'
Slack : 49.462
TNS   : 0.000

------------------------------------------------------------
