------------------------------------------------------------
Timing Analyzer Summary
------------------------------------------------------------

Type  : Slow 1200mV 100C Model Setup 'sys_clk'
Slack : 2.033
TNS   : 0.000

Type  : Slow 1200mV 100C Model Setup 'mii_rx_clk'
Slack : 19.231
TNS   : 0.000

Type  : Slow 1200mV 100C Model Setup 'altera_reserved_tck'
Slack : 44.275
TNS   : 0.000

Type  : Slow 1200mV 100C Model Hold 'sys_clk'
Slack : 0.370
TNS   : 0.000

Type  : Slow 1200mV 100C Model Hold 'altera_reserved_tck'
Slack : 0.417
TNS   : 0.000

Type  : Slow 1200mV 100C Model Hold 'mii_rx_clk'
Slack : 0.445
TNS   : 0.000

Type  : Slow 1200mV 100C Model Recovery 'sys_clk'
Slack : 15.921
TNS   : 0.000

Type  : Slow 1200mV 100C Model Recovery 'mii_rx_clk'
Slack : 36.306
TNS   : 0.000

Type  : Slow 1200mV 100C Model Recovery 'altera_reserved_tck'
Slack : 95.911
TNS   : 0.000

Type  : Slow 1200mV 100C Model Removal 'altera_reserved_tck'
Slack : 1.018
TNS   : 0.000

Type  : Slow 1200mV 100C Model Removal 'sys_clk'
Slack : 2.168
TNS   : 0.000

Type  : Slow 1200mV 100C Model Removal 'mii_rx_clk'
Slack : 2.170
TNS   : 0.000

Type  : Slow 1200mV 100C Model Minimum Pulse Width 'sys_clk'
Slack : 6.555
TNS   : 0.000

Type  : Slow 1200mV 100C Model Minimum Pulse Width 'mii_rx_clk'
Slack : 19.591
TNS   : 0.000

Type  : Slow 1200mV 100C Model Minimum Pulse Width 'mii_tx_clk'
Slack : 26.555
TNS   : 0.000

Type  : Slow 1200mV 100C Model Minimum Pulse Width 'altera_reserved_tck'
Slack : 49.574
TNS   : 0.000

Type  : Slow 1200mV -40C Model Setup 'sys_clk'
Slack : 2.648
TNS   : 0.000

Type  : Slow 1200mV -40C Model Setup 'mii_rx_clk'
Slack : 19.423
TNS   : 0.000

Type  : Slow 1200mV -40C Model Setup 'altera_reserved_tck'
Slack : 45.018
TNS   : 0.000

Type  : Slow 1200mV -40C Model Hold 'sys_clk'
Slack : 0.326
TNS   : 0.000

Type  : Slow 1200mV -40C Model Hold 'altera_reserved_tck'
Slack : 0.344
TNS   : 0.000

Type  : Slow 1200mV -40C Model Hold 'mii_rx_clk'
Slack : 0.368
TNS   : 0.000

Type  : Slow 1200mV -40C Model Recovery 'sys_clk'
Slack : 16.431
TNS   : 0.000

Type  : Slow 1200mV -40C Model Recovery 'mii_rx_clk'
Slack : 36.802
TNS   : 0.000

Type  : Slow 1200mV -40C Model Recovery 'altera_reserved_tck'
Slack : 96.453
TNS   : 0.000

Type  : Slow 1200mV -40C Model Removal 'altera_reserved_tck'
Slack : 0.888
TNS   : 0.000

Type  : Slow 1200mV -40C Model Removal 'sys_clk'
Slack : 1.812
TNS   : 0.000

Type  : Slow 1200mV -40C Model Removal 'mii_rx_clk'
Slack : 1.837
TNS   : 0.000

Type  : Slow 1200mV -40C Model Minimum Pulse Width 'sys_clk'
Slack : 6.555
TNS   : 0.000

Type  : Slow 1200mV -40C Model Minimum Pulse Width 'mii_rx_clk'
Slack : 19.652
TNS   : 0.000

Type  : Slow 1200mV -40C Model Minimum Pulse Width 'mii_tx_clk'
Slack : 26.555
TNS   : 0.000

Type  : Slow 1200mV -40C Model Minimum Pulse Width 'altera_reserved_tck'
Slack : 49.445
TNS   : 0.000

Type  : Fast 1200mV -40C Model Setup 'sys_clk'
Slack : 5.156
TNS   : 0.000

Type  : Fast 1200mV -40C Model Setup 'mii_rx_clk'
Slack : 19.129
TNS   : 0.000

Type  : Fast 1200mV -40C Model Setup 'altera_reserved_tck'
Slack : 47.444
TNS   : 0.000

Type  : Fast 1200mV -40C Model Hold 'sys_clk'
Slack : 0.144
TNS   : 0.000

Type  : Fast 1200mV -40C Model Hold 'altera_reserved_tck'
Slack : 0.178
TNS   : 0.000

Type  : Fast 1200mV -40C Model Hold 'mii_rx_clk'
Slack : 0.178
TNS   : 0.000

Type  : Fast 1200mV -40C Model Recovery 'sys_clk'
Slack : 18.038
TNS   : 0.000

Type  : Fast 1200mV -40C Model Recovery 'mii_rx_clk'
Slack : 38.225
TNS   : 0.000

Type  : Fast 1200mV -40C Model Recovery 'altera_reserved_tck'
Slack : 97.967
TNS   : 0.000

Type  : Fast 1200mV -40C Model Removal 'altera_reserved_tck'
Slack : 0.474
TNS   : 0.000

Type  : Fast 1200mV -40C Model Removal 'sys_clk'
Slack : 1.045
TNS   : 0.000

Type  : Fast 1200mV -40C Model Removal 'mii_rx_clk'
Slack : 1.046
TNS   : 0.000

Type  : Fast 1200mV -40C Model Minimum Pulse Width 'sys_clk'
Slack : 9.364
TNS   : 0.000

Type  : Fast 1200mV -40C Model Minimum Pulse Width 'mii_rx_clk'
Slack : 19.150
TNS   : 0.000

Type  : Fast 1200mV -40C Model Minimum Pulse Width 'mii_tx_clk'
Slack : 29.543
TNS   : 0.000

Type  : Fast 1200mV -40C Model Minimum Pulse Width 'altera_reserved_tck'
Slack : 49.462
TNS   : 0.000

------------------------------------------------------------
