------------------------------------------------------------
Timing Analyzer Summary
------------------------------------------------------------

Type  : Slow 1100mV 85C Model Setup 'clk'
Slack : -0.044
TNS   : -0.044

Type  : Slow 1100mV 85C Model Hold 'clk'
Slack : 0.309
TNS   : 0.000

Type  : Slow 1100mV 85C Model Minimum Pulse Width 'clk'
Slack : -0.724
TNS   : -3.324

Type  : Slow 1100mV 0C Model Setup 'clk'
Slack : -0.005
TNS   : -0.005

Type  : Slow 1100mV 0C Model Hold 'clk'
Slack : 0.297
TNS   : 0.000

Type  : Slow 1100mV 0C Model Minimum Pulse Width 'clk'
Slack : -0.724
TNS   : -3.381

Type  : Fast 1100mV 85C Model Setup 'clk'
Slack : 0.531
TNS   : 0.000

Type  : Fast 1100mV 85C Model Hold 'clk'
Slack : 0.140
TNS   : 0.000

Type  : Fast 1100mV 85C Model Minimum Pulse Width 'clk'
Slack : -0.080
TNS   : -0.236

Type  : Fast 1100mV 0C Model Setup 'clk'
Slack : 0.557
TNS   : 0.000

Type  : Fast 1100mV 0C Model Hold 'clk'
Slack : 0.129
TNS   : 0.000

Type  : Fast 1100mV 0C Model Minimum Pulse Width 'clk'
Slack : -0.080
TNS   : -0.238

------------------------------------------------------------
